// Jest Snapshot v1, https://goo.gl/fbAQLP

exports[`App (root) Render? 1`] = `
<Styled(View)
  color="#2e2e3a"
>
  <RadioListViewDefault />
</Styled(View)>
`;
